---
source: packages/causal-relation-graphs/tests/test_parse.rs
assertion_line: 9
expression: "causal_relation_graphs::parse(content.as_str()).unwrap()"

---
- Expr:
    Id:
      effect:
        addEffect: 1
- Expr:
    Id:
      effect:
        transitionEffect:
          StateLabel:
            Label: a
- Expr:
    Id:
      effect:
        transitionEffect: Id
- Expr:
    Id:
      effect:
        transitionEffect: Empty
- Id:
    effect:
      transitionEffect:
        StateLabel:
          Label: a

